Archive member included to satisfy reference by file (symbol)

c:/users/mitch/.eclipse/org.eclipse.platform_4.7.3_1709980481_win32_win32_x86_64/plugins/fr.ac6.mcu.externaltools.arm-none.win32_1.15.0.201708311556/tools/compiler/bin/../lib/gcc/arm-none-eabi/6.3.1/thumb/v6-m\libgcc.a(_udivsi3.o)
                              StdPeriph_Driver/src/stm32f0xx_rcc.o (__aeabi_uidiv)
c:/users/mitch/.eclipse/org.eclipse.platform_4.7.3_1709980481_win32_win32_x86_64/plugins/fr.ac6.mcu.externaltools.arm-none.win32_1.15.0.201708311556/tools/compiler/bin/../lib/gcc/arm-none-eabi/6.3.1/thumb/v6-m\libgcc.a(_dvmd_tls.o)
                              c:/users/mitch/.eclipse/org.eclipse.platform_4.7.3_1709980481_win32_win32_x86_64/plugins/fr.ac6.mcu.externaltools.arm-none.win32_1.15.0.201708311556/tools/compiler/bin/../lib/gcc/arm-none-eabi/6.3.1/thumb/v6-m\libgcc.a(_udivsi3.o) (__aeabi_idiv0)
c:/users/mitch/.eclipse/org.eclipse.platform_4.7.3_1709980481_win32_win32_x86_64/plugins/fr.ac6.mcu.externaltools.arm-none.win32_1.15.0.201708311556/tools/compiler/bin/../lib/gcc/arm-none-eabi/6.3.1/../../../../arm-none-eabi/lib/thumb/v6-m\libc.a(lib_a-errno.o)
                              src/syscalls.o (__errno)
c:/users/mitch/.eclipse/org.eclipse.platform_4.7.3_1709980481_win32_win32_x86_64/plugins/fr.ac6.mcu.externaltools.arm-none.win32_1.15.0.201708311556/tools/compiler/bin/../lib/gcc/arm-none-eabi/6.3.1/../../../../arm-none-eabi/lib/thumb/v6-m\libc.a(lib_a-exit.o)
                              c:/users/mitch/.eclipse/org.eclipse.platform_4.7.3_1709980481_win32_win32_x86_64/plugins/fr.ac6.mcu.externaltools.arm-none.win32_1.15.0.201708311556/tools/compiler/bin/../lib/gcc/arm-none-eabi/6.3.1/../../../../arm-none-eabi/lib/thumb/v6-m/crt0.o (exit)
c:/users/mitch/.eclipse/org.eclipse.platform_4.7.3_1709980481_win32_win32_x86_64/plugins/fr.ac6.mcu.externaltools.arm-none.win32_1.15.0.201708311556/tools/compiler/bin/../lib/gcc/arm-none-eabi/6.3.1/../../../../arm-none-eabi/lib/thumb/v6-m\libc.a(lib_a-impure.o)
                              c:/users/mitch/.eclipse/org.eclipse.platform_4.7.3_1709980481_win32_win32_x86_64/plugins/fr.ac6.mcu.externaltools.arm-none.win32_1.15.0.201708311556/tools/compiler/bin/../lib/gcc/arm-none-eabi/6.3.1/../../../../arm-none-eabi/lib/thumb/v6-m\libc.a(lib_a-exit.o) (_global_impure_ptr)
c:/users/mitch/.eclipse/org.eclipse.platform_4.7.3_1709980481_win32_win32_x86_64/plugins/fr.ac6.mcu.externaltools.arm-none.win32_1.15.0.201708311556/tools/compiler/bin/../lib/gcc/arm-none-eabi/6.3.1/../../../../arm-none-eabi/lib/thumb/v6-m\libc.a(lib_a-init.o)
                              c:/users/mitch/.eclipse/org.eclipse.platform_4.7.3_1709980481_win32_win32_x86_64/plugins/fr.ac6.mcu.externaltools.arm-none.win32_1.15.0.201708311556/tools/compiler/bin/../lib/gcc/arm-none-eabi/6.3.1/../../../../arm-none-eabi/lib/thumb/v6-m/crt0.o (__libc_init_array)
c:/users/mitch/.eclipse/org.eclipse.platform_4.7.3_1709980481_win32_win32_x86_64/plugins/fr.ac6.mcu.externaltools.arm-none.win32_1.15.0.201708311556/tools/compiler/bin/../lib/gcc/arm-none-eabi/6.3.1/../../../../arm-none-eabi/lib/thumb/v6-m\libc.a(lib_a-memset.o)
                              c:/users/mitch/.eclipse/org.eclipse.platform_4.7.3_1709980481_win32_win32_x86_64/plugins/fr.ac6.mcu.externaltools.arm-none.win32_1.15.0.201708311556/tools/compiler/bin/../lib/gcc/arm-none-eabi/6.3.1/../../../../arm-none-eabi/lib/thumb/v6-m/crt0.o (memset)
c:/users/mitch/.eclipse/org.eclipse.platform_4.7.3_1709980481_win32_win32_x86_64/plugins/fr.ac6.mcu.externaltools.arm-none.win32_1.15.0.201708311556/tools/compiler/bin/../lib/gcc/arm-none-eabi/6.3.1/../../../../arm-none-eabi/lib/thumb/v6-m\libc.a(lib_a-__call_atexit.o)
                              c:/users/mitch/.eclipse/org.eclipse.platform_4.7.3_1709980481_win32_win32_x86_64/plugins/fr.ac6.mcu.externaltools.arm-none.win32_1.15.0.201708311556/tools/compiler/bin/../lib/gcc/arm-none-eabi/6.3.1/../../../../arm-none-eabi/lib/thumb/v6-m\libc.a(lib_a-exit.o) (__call_exitprocs)
c:/users/mitch/.eclipse/org.eclipse.platform_4.7.3_1709980481_win32_win32_x86_64/plugins/fr.ac6.mcu.externaltools.arm-none.win32_1.15.0.201708311556/tools/compiler/bin/../lib/gcc/arm-none-eabi/6.3.1/../../../../arm-none-eabi/lib/thumb/v6-m\libc.a(lib_a-atexit.o)
                              c:/users/mitch/.eclipse/org.eclipse.platform_4.7.3_1709980481_win32_win32_x86_64/plugins/fr.ac6.mcu.externaltools.arm-none.win32_1.15.0.201708311556/tools/compiler/bin/../lib/gcc/arm-none-eabi/6.3.1/../../../../arm-none-eabi/lib/thumb/v6-m\libc.a(lib_a-__call_atexit.o) (atexit)
c:/users/mitch/.eclipse/org.eclipse.platform_4.7.3_1709980481_win32_win32_x86_64/plugins/fr.ac6.mcu.externaltools.arm-none.win32_1.15.0.201708311556/tools/compiler/bin/../lib/gcc/arm-none-eabi/6.3.1/../../../../arm-none-eabi/lib/thumb/v6-m\libc.a(lib_a-fini.o)
[...]
Memory Configuration

Name             Origin             Length             Attributes
FLASH            0x08000000         0x00010000         xr
RAM              0x20000000         0x00002000         xrw
*default*        0x00000000         0xffffffff

Linker script and memory map

LOAD c:/users/mitch/.eclipse/org.eclipse.platform_4.7.3_1709980481_win32_win32_x86_64/plugins/fr.ac6.mcu.externaltools.arm-none.win32_1.15.0.201708311556/tools/compiler/bin/../lib/gcc/arm-none-eabi/6.3.1/thumb/v6-m/crti.o
LOAD c:/users/mitch/.eclipse/org.eclipse.platform_4.7.3_1709980481_win32_win32_x86_64/plugins/fr.ac6.mcu.externaltools.arm-none.win32_1.15.0.201708311556/tools/compiler/bin/../lib/gcc/arm-none-eabi/6.3.1/thumb/v6-m/crtbegin.o
LOAD c:/users/mitch/.eclipse/org.eclipse.platform_4.7.3_1709980481_win32_win32_x86_64/plugins/fr.ac6.mcu.externaltools.arm-none.win32_1.15.0.201708311556/tools/compiler/bin/../lib/gcc/arm-none-eabi/6.3.1/../../../../arm-none-eabi/lib/thumb/v6-m/crt0.o
LOAD StdPeriph_Driver/src/stm32f0xx_adc.o
LOAD StdPeriph_Driver/src/stm32f0xx_cec.o
LOAD StdPeriph_Driver/src/stm32f0xx_comp.o
LOAD StdPeriph_Driver/src/stm32f0xx_crc.o
LOAD StdPeriph_Driver/src/stm32f0xx_dac.o
LOAD StdPeriph_Driver/src/stm32f0xx_dbgmcu.o
LOAD StdPeriph_Driver/src/stm32f0xx_dma.o
LOAD StdPeriph_Driver/src/stm32f0xx_exti.o
LOAD StdPeriph_Driver/src/stm32f0xx_flash.o
LOAD StdPeriph_Driver/src/stm32f0xx_gpio.o
LOAD StdPeriph_Driver/src/stm32f0xx_i2c.o
LOAD StdPeriph_Driver/src/stm32f0xx_iwdg.o
LOAD StdPeriph_Driver/src/stm32f0xx_misc.o
LOAD StdPeriph_Driver/src/stm32f0xx_pwr.o
LOAD StdPeriph_Driver/src/stm32f0xx_rcc.o
LOAD StdPeriph_Driver/src/stm32f0xx_rtc.o
LOAD StdPeriph_Driver/src/stm32f0xx_spi.o
LOAD StdPeriph_Driver/src/stm32f0xx_syscfg.o
LOAD StdPeriph_Driver/src/stm32f0xx_tim.o
LOAD StdPeriph_Driver/src/stm32f0xx_usart.o
LOAD StdPeriph_Driver/src/stm32f0xx_wwdg.o
LOAD Utilities/stm32f0_discovery.o
LOAD src/PMAC_init.o
LOAD src/main.o
LOAD src/syscalls.o
LOAD src/system_stm32f0xx.o
LOAD startup/startup_stm32f0xx.o
LOAD c:/users/mitch/.eclipse/org.eclipse.platform_4.7.3_1709980481_win32_win32_x86_64/plugins/fr.ac6.mcu.externaltools.arm-none.win32_1.15.0.201708311556/tools/compiler/bin/../lib/gcc/arm-none-eabi/6.3.1/../../../../arm-none-eabi/lib/thumb/v6-m\libm.a
START GROUP
LOAD c:/users/mitch/.eclipse/org.eclipse.platform_4.7.3_1709980481_win32_win32_x86_64/plugins/fr.ac6.mcu.externaltools.arm-none.win32_1.15.0.201708311556/tools/compiler/bin/../lib/gcc/arm-none-eabi/6.3.1/thumb/v6-m\libgcc.a
LOAD c:/users/mitch/.eclipse/org.eclipse.platform_4.7.3_1709980481_win32_win32_x86_64/plugins/fr.ac6.mcu.externaltools.arm-none.win32_1.15.0.201708311556/tools/compiler/bin/../lib/gcc/arm-none-eabi/6.3.1/../../../../arm-none-eabi/lib/thumb/v6-m\libc.a
END GROUP
LOAD c:/users/mitch/.eclipse/org.eclipse.platform_4.7.3_1709980481_win32_win32_x86_64/plugins/fr.ac6.mcu.externaltools.arm-none.win32_1.15.0.201708311556/tools/compiler/bin/../lib/gcc/arm-none-eabi/6.3.1/thumb/v6-m/crtend.o
LOAD c:/users/mitch/.eclipse/org.eclipse.platform_4.7.3_1709980481_win32_win32_x86_64/plugins/fr.ac6.mcu.externaltools.arm-none.win32_1.15.0.201708311556/tools/compiler/bin/../lib/gcc/arm-none-eabi/6.3.1/thumb/v6-m/crtn.o
                0x20002000                _estack = 0x20002000
                0x00000000                _Min_Heap_Size = 0x0
                0x00000080                _Min_Stack_Size = 0x80

.isr_vector     0x08000000       0xc4
                0x08000000                . = ALIGN (0x4)
 *(.isr_vector)
 .isr_vector    0x08000000       0xc4 startup/startup_stm32f0xx.o
                0x08000000                g_pfnVectors
                0x080000c4                . = ALIGN (0x4)

.text           0x080000c4     0x10a4
                0x080000c4                . = ALIGN (0x4)
 *(.text)
 .text          0x080000c4       0x60 c:/users/mitch/.eclipse/org.eclipse.platform_4.7.3_1709980481_win32_win32_x86_64/plugins/fr.ac6.mcu.externaltools.arm-none.win32_1.15.0.201708311556/tools/compiler/bin/../lib/gcc/arm-none-eabi/6.3.1/thumb/v6-m/crtbegin.o
 .text          0x08000124      0x114 c:/users/mitch/.eclipse/org.eclipse.platform_4.7.3_1709980481_win32_win32_x86_64/plugins/fr.ac6.mcu.externaltools.arm-none.win32_1.15.0.201708311556/tools/compiler/bin/../lib/gcc/arm-none-eabi/6.3.1/thumb/v6-m\libgcc.a(_udivsi3.o)
                0x08000124                __aeabi_uidiv
                0x08000124                __udivsi3
                0x08000230                __aeabi_uidivmod
 .text          0x08000238        0x4 c:/users/mitch/.eclipse/org.eclipse.platform_4.7.3_1709980481_win32_win32_x86_64/plugins/fr.ac6.mcu.externaltools.arm-none.win32_1.15.0.201708311556/tools/compiler/bin/../lib/gcc/arm-none-eabi/6.3.1/thumb/v6-m\libgcc.a(_dvmd_tls.o)
                0x08000238                __aeabi_idiv0
                0x08000238                __aeabi_ldiv0
 *(.text*)
 .text.GPIO_Init
                0x0800023c      0x126 StdPeriph_Driver/src/stm32f0xx_gpio.o
                0x0800023c                GPIO_Init
 .text.GPIO_PinAFConfig
                0x08000362       0xa4 StdPeriph_Driver/src/stm32f0xx_gpio.o
                0x08000362                GPIO_PinAFConfig
 *fill*         0x08000406        0x2 
 .text.RCC_AHBPeriphClockCmd
                0x08000408       0x40 StdPeriph_Driver/src/stm32f0xx_rcc.o
                0x08000408                RCC_AHBPeriphClockCmd
 .text.RCC_APB2PeriphClockCmd
                0x08000448       0x40 StdPeriph_Driver/src/stm32f0xx_rcc.o
                0x08000448                RCC_APB2PeriphClockCmd
 .text.TIM_TimeBaseInit
                0x08000488       0xf0 StdPeriph_Driver/src/stm32f0xx_tim.o
                0x08000488                TIM_TimeBaseInit
 .text.TIM_Cmd  0x08000578       0x40 StdPeriph_Driver/src/stm32f0xx_tim.o
                0x08000578                TIM_Cmd
 .text.TIM_BDTRConfig
                0x080005b8       0x4c StdPeriph_Driver/src/stm32f0xx_tim.o
                0x080005b8                TIM_BDTRConfig
 .text.TIM_BDTRStructInit
                0x08000604       0x3a StdPeriph_Driver/src/stm32f0xx_tim.o
                0x08000604                TIM_BDTRStructInit
 *fill*         0x0800063e        0x2 
 .text.TIM_CtrlPWMOutputs
                0x08000640       0x4c StdPeriph_Driver/src/stm32f0xx_tim.o
                0x08000640                TIM_CtrlPWMOutputs
 .text.TIM_OC1Init
                0x0800068c      0x1a4 StdPeriph_Driver/src/stm32f0xx_tim.o
                0x0800068c                TIM_OC1Init
 .text.TIM_OC2Init
                0x08000830      0x1a4 StdPeriph_Driver/src/stm32f0xx_tim.o
                0x08000830                TIM_OC2Init
 .text.TIM_OC3Init
                0x080009d4      0x1a8 StdPeriph_Driver/src/stm32f0xx_tim.o
                0x080009d4                TIM_OC3Init
 .text.timer_pinConfig
                0x08000b7c       0x98 src/PMAC_init.o
                0x08000b7c                timer_pinConfig
 .text.threePhase_timerConfig
                0x08000c14      0x16c src/PMAC_init.o
                0x08000c14                threePhase_timerConfig
 .text.main     0x08000d80       0xb8 src/main.o
                0x08000d80                main
 .text.SystemInit
                0x08000e38       0x8c src/system_stm32f0xx.o
                0x08000e38                SystemInit
 .text.SetSysClock
                0x08000ec4       0x94 src/system_stm32f0xx.o
 .text.Reset_Handler
                0x08000f58       0x50 startup/startup_stm32f0xx.o
                0x08000f58                Reset_Handler
 .text.Default_Handler
                0x08000fa8        0x2 startup/startup_stm32f0xx.o
                0x08000fa8                TIM1_CC_IRQHandler
                0x08000fa8                HardFault_Handler
                0x08000fa8                ADC1_COMP_IRQHandler
                0x08000fa8                SysTick_Handler
                0x08000fa8                PVD_IRQHandler
                0x08000fa8                PendSV_Handler
                0x08000fa8                NMI_Handler
                0x08000fa8                I2C1_IRQHandler
                0x08000fa8                SPI1_IRQHandler
                0x08000fa8                TIM6_DAC_IRQHandler
                0x08000fa8                EXTI2_3_IRQHandler
                0x08000fa8                I2C2_IRQHandler
                0x08000fa8                TIM17_IRQHandler
                0x08000fa8                RTC_IRQHandler
                0x08000fa8                TIM16_IRQHandler
                0x08000fa8                TIM3_IRQHandler
                0x08000fa8                EXTI4_15_IRQHandler
                0x08000fa8                RCC_IRQHandler
                0x08000fa8                DMA1_Channel1_IRQHandler
                0x08000fa8                Default_Handler
                0x08000fa8                CEC_IRQHandler
                0x08000fa8                TIM14_IRQHandler
                0x08000fa8                DMA1_Channel4_5_IRQHandler
                0x08000fa8                TIM15_IRQHandler
                0x08000fa8                EXTI0_1_IRQHandler
                0x08000fa8                SPI2_IRQHandler
                0x08000fa8                SVC_Handler
                0x08000fa8                TS_IRQHandler
                0x08000fa8                WWDG_IRQHandler
                0x08000fa8                TIM2_IRQHandler
                0x08000fa8                DMA1_Channel2_3_IRQHandler
                0x08000fa8                USART2_IRQHandler
                0x08000fa8                FLASH_IRQHandler
                0x08000fa8                USART1_IRQHandler
                0x08000fa8                TIM1_BRK_UP_TRG_COM_IRQHandler
 *fill*         0x08000faa        0x2 
 .text.__libc_init_array
                0x08000fac       0x48 c:/users/mitch/.eclipse/org.eclipse.platform_4.7.3_1709980481_win32_win32_x86_64/plugins/fr.ac6.mcu.externaltools.arm-none.win32_1.15.0.201708311556/tools/compiler/bin/../lib/gcc/arm-none-eabi/6.3.1/../../../../arm-none-eabi/lib/thumb/v6-m\libc.a(lib_a-init.o)
                0x08000fac                __libc_init_array
 .text.startup.register_fini
                0x08000ff4       0x18 c:/users/mitch/.eclipse/org.eclipse.platform_4.7.3_1709980481_win32_win32_x86_64/plugins/fr.ac6.mcu.externaltools.arm-none.win32_1.15.0.201708311556/tools/compiler/bin/../lib/gcc/arm-none-eabi/6.3.1/../../../../arm-none-eabi/lib/thumb/v6-m\libc.a(lib_a-__call_atexit.o)
 .text.atexit   0x0800100c       0x10 c:/users/mitch/.eclipse/org.eclipse.platform_4.7.3_1709980481_win32_win32_x86_64/plugins/fr.ac6.mcu.externaltools.arm-none.win32_1.15.0.201708311556/tools/compiler/bin/../lib/gcc/arm-none-eabi/6.3.1/../../../../arm-none-eabi/lib/thumb/v6-m\libc.a(lib_a-atexit.o)
                0x0800100c                atexit
 .text.__libc_fini_array
                0x0800101c       0x34 c:/users/mitch/.eclipse/org.eclipse.platform_4.7.3_1709980481_win32_win32_x86_64/plugins/fr.ac6.mcu.externaltools.arm-none.win32_1.15.0.201708311556/tools/compiler/bin/../lib/gcc/arm-none-eabi/6.3.1/../../../../arm-none-eabi/lib/thumb/v6-m\libc.a(lib_a-fini.o)
                0x0800101c                __libc_fini_array
 .text.__retarget_lock_acquire_recursive
                0x08001050        0x4 c:/users/mitch/.eclipse/org.eclipse.platform_4.7.3_1709980481_win32_win32_x86_64/plugins/fr.ac6.mcu.externaltools.arm-none.win32_1.15.0.201708311556/tools/compiler/bin/../lib/gcc/arm-none-eabi/6.3.1/../../../../arm-none-eabi/lib/thumb/v6-m\libc.a(lib_a-lock.o)
                0x08001050                __retarget_lock_acquire_recursive
 .text.__retarget_lock_release_recursive
                0x08001054        0x4 c:/users/mitch/.eclipse/org.eclipse.platform_4.7.3_1709980481_win32_win32_x86_64/plugins/fr.ac6.mcu.externaltools.arm-none.win32_1.15.0.201708311556/tools/compiler/bin/../lib/gcc/arm-none-eabi/6.3.1/../../../../arm-none-eabi/lib/thumb/v6-m\libc.a(lib_a-lock.o)
                0x08001054                __retarget_lock_release_recursive
 .text.__register_exitproc
                0x08001058       0xf4 c:/users/mitch/.eclipse/org.eclipse.platform_4.7.3_1709980481_win32_win32_x86_64/plugins/fr.ac6.mcu.externaltools.arm-none.win32_1.15.0.201708311556/tools/compiler/bin/../lib/gcc/arm-none-eabi/6.3.1/../../../../arm-none-eabi/lib/thumb/v6-m\libc.a(lib_a-__atexit.o)
                0x08001058                __register_exitproc
 *(.rodata)
 *(.rodata*)
 .rodata._global_impure_ptr
                0x0800114c        0x4 c:/users/mitch/.eclipse/org.eclipse.platform_4.7.3_1709980481_win32_win32_x86_64/plugins/fr.ac6.mcu.externaltools.arm-none.win32_1.15.0.201708311556/tools/compiler/bin/../lib/gcc/arm-none-eabi/6.3.1/../../../../arm-none-eabi/lib/thumb/v6-m\libc.a(lib_a-impure.o)
                0x0800114c                _global_impure_ptr
 *(.glue_7)
 .glue_7        0x08001150        0x0 linker stubs
 *(.glue_7t)
 .glue_7t       0x08001150        0x0 linker stubs
 *(.eh_frame)
 .eh_frame      0x08001150        0x0 c:/users/mitch/.eclipse/org.eclipse.platform_4.7.3_1709980481_win32_win32_x86_64/plugins/fr.ac6.mcu.externaltools.arm-none.win32_1.15.0.201708311556/tools/compiler/bin/../lib/gcc/arm-none-eabi/6.3.1/thumb/v6-m/crtbegin.o
 *(.init)
 .init          0x08001150        0x4 c:/users/mitch/.eclipse/org.eclipse.platform_4.7.3_1709980481_win32_win32_x86_64/plugins/fr.ac6.mcu.externaltools.arm-none.win32_1.15.0.201708311556/tools/compiler/bin/../lib/gcc/arm-none-eabi/6.3.1/thumb/v6-m/crti.o
                0x08001150                _init
 .init          0x08001154        0x8 c:/users/mitch/.eclipse/org.eclipse.platform_4.7.3_1709980481_win32_win32_x86_64/plugins/fr.ac6.mcu.externaltools.arm-none.win32_1.15.0.201708311556/tools/compiler/bin/../lib/gcc/arm-none-eabi/6.3.1/thumb/v6-m/crtn.o
 *(.fini)
 .fini          0x0800115c        0x4 c:/users/mitch/.eclipse/org.eclipse.platform_4.7.3_1709980481_win32_win32_x86_64/plugins/fr.ac6.mcu.externaltools.arm-none.win32_1.15.0.201708311556/tools/compiler/bin/../lib/gcc/arm-none-eabi/6.3.1/thumb/v6-m/crti.o
                0x0800115c                _fini
 .fini          0x08001160        0x8 c:/users/mitch/.eclipse/org.eclipse.platform_4.7.3_1709980481_win32_win32_x86_64/plugins/fr.ac6.mcu.externaltools.arm-none.win32_1.15.0.201708311556/tools/compiler/bin/../lib/gcc/arm-none-eabi/6.3.1/thumb/v6-m/crtn.o
                0x08001168                . = ALIGN (0x4)
                0x08001168                _etext = .

.vfp11_veneer   0x08001168        0x0
 .vfp11_veneer  0x08001168        0x0 linker stubs

.v4_bx          0x08001168        0x0
 .v4_bx         0x08001168        0x0 linker stubs

.iplt           0x08001168        0x0
 .iplt          0x08001168        0x0 c:/users/mitch/.eclipse/org.eclipse.platform_4.7.3_1709980481_win32_win32_x86_64/plugins/fr.ac6.mcu.externaltools.arm-none.win32_1.15.0.201708311556/tools/compiler/bin/../lib/gcc/arm-none-eabi/6.3.1/thumb/v6-m/crtbegin.o

.rel.dyn        0x08001168        0x0
 .rel.iplt      0x08001168        0x0 c:/users/mitch/.eclipse/org.eclipse.platform_4.7.3_1709980481_win32_win32_x86_64/plugins/fr.ac6.mcu.externaltools.arm-none.win32_1.15.0.201708311556/tools/compiler/bin/../lib/gcc/arm-none-eabi/6.3.1/thumb/v6-m/crtbegin.o

.ARM.extab
 *(.ARM.extab* .gnu.linkonce.armextab.*)

.ARM            0x08001168        0x0
                0x08001168                __exidx_start = .
 *(.ARM.exidx*)
                0x08001168                __exidx_end = .

.preinit_array  0x08001168        0x0
                0x08001168                PROVIDE (__preinit_array_start, .)
 *(.preinit_array*)
                0x08001168                PROVIDE (__preinit_array_end, .)

.init_array     0x08001168        0x8
                0x08001168                PROVIDE (__init_array_start, .)
 *(SORT(.init_array.*))
 .init_array.00000
                0x08001168        0x4 c:/users/mitch/.eclipse/org.eclipse.platform_4.7.3_1709980481_win32_win32_x86_64/plugins/fr.ac6.mcu.externaltools.arm-none.win32_1.15.0.201708311556/tools/compiler/bin/../lib/gcc/arm-none-eabi/6.3.1/../../../../arm-none-eabi/lib/thumb/v6-m\libc.a(lib_a-__call_atexit.o)
 *(.init_array*)
 .init_array    0x0800116c        0x4 c:/users/mitch/.eclipse/org.eclipse.platform_4.7.3_1709980481_win32_win32_x86_64/plugins/fr.ac6.mcu.externaltools.arm-none.win32_1.15.0.201708311556/tools/compiler/bin/../lib/gcc/arm-none-eabi/6.3.1/thumb/v6-m/crtbegin.o
                0x08001170                PROVIDE (__init_array_end, .)

.fini_array     0x08001170        0x4
                0x08001170                PROVIDE (__fini_array_start, .)
 *(SORT(.fini_array.*))
 *(.fini_array*)
 .fini_array    0x08001170        0x4 c:/users/mitch/.eclipse/org.eclipse.platform_4.7.3_1709980481_win32_win32_x86_64/plugins/fr.ac6.mcu.externaltools.arm-none.win32_1.15.0.201708311556/tools/compiler/bin/../lib/gcc/arm-none-eabi/6.3.1/thumb/v6-m/crtbegin.o
                0x08001174                PROVIDE (__fini_array_end, .)
                0x08001174                _sidata = LOADADDR (.data)

.data           0x20000000      0x444 load address 0x08001174
                0x20000000                . = ALIGN (0x4)
                0x20000000                _sdata = .
 *(.data)
 .data          0x20000000        0x2 src/main.o
                0x20000000                period
 *fill*         0x20000002        0x2 
 .data          0x20000004       0x14 src/system_stm32f0xx.o
                0x20000004                SystemCoreClock
                0x20000008                AHBPrescTable
 *(.data*)
 .data.impure_data
                0x20000018      0x428 c:/users/mitch/.eclipse/org.eclipse.platform_4.7.3_1709980481_win32_win32_x86_64/plugins/fr.ac6.mcu.externaltools.arm-none.win32_1.15.0.201708311556/tools/compiler/bin/../lib/gcc/arm-none-eabi/6.3.1/../../../../arm-none-eabi/lib/thumb/v6-m\libc.a(lib_a-impure.o)
 .data.__atexit_recursive_mutex
                0x20000440        0x4 c:/users/mitch/.eclipse/org.eclipse.platform_4.7.3_1709980481_win32_win32_x86_64/plugins/fr.ac6.mcu.externaltools.arm-none.win32_1.15.0.201708311556/tools/compiler/bin/../lib/gcc/arm-none-eabi/6.3.1/../../../../arm-none-eabi/lib/thumb/v6-m\libc.a(lib_a-__call_atexit.o)
                0x20000440                __atexit_recursive_mutex
                0x20000444                . = ALIGN (0x4)
                0x20000444                _edata = .

.jcr            0x20000444        0x0 load address 0x080015b8
 .jcr           0x20000444        0x0 c:/users/mitch/.eclipse/org.eclipse.platform_4.7.3_1709980481_win32_win32_x86_64/plugins/fr.ac6.mcu.externaltools.arm-none.win32_1.15.0.201708311556/tools/compiler/bin/../lib/gcc/arm-none-eabi/6.3.1/thumb/v6-m/crtbegin.o

.igot.plt       0x20000444        0x0 load address 0x080015b8
 .igot.plt      0x20000444        0x0 c:/users/mitch/.eclipse/org.eclipse.platform_4.7.3_1709980481_win32_win32_x86_64/plugins/fr.ac6.mcu.externaltools.arm-none.win32_1.15.0.201708311556/tools/compiler/bin/../lib/gcc/arm-none-eabi/6.3.1/thumb/v6-m/crtbegin.o
                0x20000444                . = ALIGN (0x4)

.bss            0x20000444       0x74 load address 0x080015b8
                0x20000444                _sbss = .
                0x20000444                __bss_start__ = _sbss
 *(.bss)
 .bss           0x20000444       0x1c c:/users/mitch/.eclipse/org.eclipse.platform_4.7.3_1709980481_win32_win32_x86_64/plugins/fr.ac6.mcu.externaltools.arm-none.win32_1.15.0.201708311556/tools/compiler/bin/../lib/gcc/arm-none-eabi/6.3.1/thumb/v6-m/crtbegin.o
 .bss           0x20000460        0x2 src/main.o
                0x20000460                pulseCount
 *(.bss*)
 *(COMMON)
 *fill*         0x20000462        0x2 
 COMMON         0x20000464       0x1a src/PMAC_init.o
                0x20000464                TIM_TimeBaseStructure
                0x20000470                TIM_BDTRStructure
 *fill*         0x2000047e        0x2 
 COMMON         0x20000480       0x14 src/main.o
                0x20000480                TIM_OCInitStructure
 COMMON         0x20000494       0x21 c:/users/mitch/.eclipse/org.eclipse.platform_4.7.3_1709980481_win32_win32_x86_64/plugins/fr.ac6.mcu.externaltools.arm-none.win32_1.15.0.201708311556/tools/compiler/bin/../lib/gcc/arm-none-eabi/6.3.1/../../../../arm-none-eabi/lib/thumb/v6-m\libc.a(lib_a-lock.o)
                0x20000494                __lock___atexit_recursive_mutex
                0x20000498                __lock___arc4random_mutex
                0x2000049c                __lock___env_recursive_mutex
                0x200004a0                __lock___sinit_recursive_mutex
                0x200004a4                __lock___malloc_recursive_mutex
                0x200004a8                __lock___at_quick_exit_mutex
                0x200004ac                __lock___dd_hash_mutex
                0x200004b0                __lock___tz_mutex
                0x200004b4                __lock___sfp_recursive_mutex
                0x200004b8                . = ALIGN (0x4)
 *fill*         0x200004b5        0x3 
                0x200004b8                _ebss = .
                0x200004b8                __bss_end__ = _ebss

._user_heap_stack
                0x200004b8       0x80 load address 0x080015b8
                0x200004b8                . = ALIGN (0x8)
                0x200004b8                PROVIDE (end, .)
                [!provide]                PROVIDE (_end, .)
                0x200004b8                . = (. + _Min_Heap_Size)
                0x20000538                . = (. + _Min_Stack_Size)
 *fill*         0x200004b8       0x80 
                0x20000538                . = ALIGN (0x8)

.ARM.attributes
                0x00000000       0x28
 *(.ARM.attributes)
 .ARM.attributes
                0x00000000       0x1e c:/users/mitch/.eclipse/org.eclipse.platform_4.7.3_1709980481_win32_win32_x86_64/plugins/fr.ac6.mcu.externaltools.arm-none.win32_1.15.0.201708311556/tools/compiler/bin/../lib/gcc/arm-none-eabi/6.3.1/thumb/v6-m/crti.o
 .ARM.attributes
                0x0000001e       0x2c c:/users/mitch/.eclipse/org.eclipse.platform_4.7.3_1709980481_win32_win32_x86_64/plugins/fr.ac6.mcu.externaltools.arm-none.win32_1.15.0.201708311556/tools/compiler/bin/../lib/gcc/arm-none-eabi/6.3.1/thumb/v6-m/crtbegin.o
 .ARM.attributes
                0x0000004a       0x31 StdPeriph_Driver/src/stm32f0xx_gpio.o
 .ARM.attributes
                0x0000007b       0x31 StdPeriph_Driver/src/stm32f0xx_rcc.o
 .ARM.attributes
                0x000000ac       0x31 StdPeriph_Driver/src/stm32f0xx_tim.o
 .ARM.attributes
                0x000000dd       0x31 src/PMAC_init.o
 .ARM.attributes
                0x0000010e       0x31 src/main.o
 .ARM.attributes
                0x0000013f       0x31 src/system_stm32f0xx.o
 .ARM.attributes
                0x00000170       0x21 startup/startup_stm32f0xx.o
 .ARM.attributes
                0x00000191       0x1e c:/users/mitch/.eclipse/org.eclipse.platform_4.7.3_1709980481_win32_win32_x86_64/plugins/fr.ac6.mcu.externaltools.arm-none.win32_1.15.0.201708311556/tools/compiler/bin/../lib/gcc/arm-none-eabi/6.3.1/thumb/v6-m\libgcc.a(_udivsi3.o)
 .ARM.attributes
                0x000001af       0x1e c:/users/mitch/.eclipse/org.eclipse.platform_4.7.3_1709980481_win32_win32_x86_64/plugins/fr.ac6.mcu.externaltools.arm-none.win32_1.15.0.201708311556/tools/compiler/bin/../lib/gcc/arm-none-eabi/6.3.1/thumb/v6-m\libgcc.a(_dvmd_tls.o)
 .ARM.attributes
                0x000001cd       0x2c c:/users/mitch/.eclipse/org.eclipse.platform_4.7.3_1709980481_win32_win32_x86_64/plugins/fr.ac6.mcu.externaltools.arm-none.win32_1.15.0.201708311556/tools/compiler/bin/../lib/gcc/arm-none-eabi/6.3.1/../../../../arm-none-eabi/lib/thumb/v6-m\libc.a(lib_a-impure.o)
 .ARM.attributes
                0x000001f9       0x2c c:/users/mitch/.eclipse/org.eclipse.platform_4.7.3_1709980481_win32_win32_x86_64/plugins/fr.ac6.mcu.externaltools.arm-none.win32_1.15.0.201708311556/tools/compiler/bin/../lib/gcc/arm-none-eabi/6.3.1/../../../../arm-none-eabi/lib/thumb/v6-m\libc.a(lib_a-init.o)
 .ARM.attributes
                0x00000225       0x2c c:/users/mitch/.eclipse/org.eclipse.platform_4.7.3_1709980481_win32_win32_x86_64/plugins/fr.ac6.mcu.externaltools.arm-none.win32_1.15.0.201708311556/tools/compiler/bin/../lib/gcc/arm-none-eabi/6.3.1/../../../../arm-none-eabi/lib/thumb/v6-m\libc.a(lib_a-__call_atexit.o)
 .ARM.attributes
                0x00000251       0x2c c:/users/mitch/.eclipse/org.eclipse.platform_4.7.3_1709980481_win32_win32_x86_64/plugins/fr.ac6.mcu.externaltools.arm-none.win32_1.15.0.201708311556/tools/compiler/bin/../lib/gcc/arm-none-eabi/6.3.1/../../../../arm-none-eabi/lib/thumb/v6-m\libc.a(lib_a-atexit.o)
 .ARM.attributes
                0x0000027d       0x2c c:/users/mitch/.eclipse/org.eclipse.platform_4.7.3_1709980481_win32_win32_x86_64/plugins/fr.ac6.mcu.externaltools.arm-none.win32_1.15.0.201708311556/tools/compiler/bin/../lib/gcc/arm-none-eabi/6.3.1/../../../../arm-none-eabi/lib/thumb/v6-m\libc.a(lib_a-fini.o)
 .ARM.attributes
                0x000002a9       0x2c c:/users/mitch/.eclipse/org.eclipse.platform_4.7.3_1709980481_win32_win32_x86_64/plugins/fr.ac6.mcu.externaltools.arm-none.win32_1.15.0.201708311556/tools/compiler/bin/../lib/gcc/arm-none-eabi/6.3.1/../../../../arm-none-eabi/lib/thumb/v6-m\libc.a(lib_a-lock.o)
 .ARM.attributes
                0x000002d5       0x2c c:/users/mitch/.eclipse/org.eclipse.platform_4.7.3_1709980481_win32_win32_x86_64/plugins/fr.ac6.mcu.externaltools.arm-none.win32_1.15.0.201708311556/tools/compiler/bin/../lib/gcc/arm-none-eabi/6.3.1/../../../../arm-none-eabi/lib/thumb/v6-m\libc.a(lib_a-__atexit.o)
 .ARM.attributes
                0x00000301       0x1e c:/users/mitch/.eclipse/org.eclipse.platform_4.7.3_1709980481_win32_win32_x86_64/plugins/fr.ac6.mcu.externaltools.arm-none.win32_1.15.0.201708311556/tools/compiler/bin/../lib/gcc/arm-none-eabi/6.3.1/thumb/v6-m/crtn.o
OUTPUT(PMAC_controller_code.elf elf32-littlearm)

.debug_info     0x00000000     0x39c2
 .debug_info    0x00000000      0x5f9 StdPeriph_Driver/src/stm32f0xx_gpio.o
 .debug_info    0x000005f9      0x9bc StdPeriph_Driver/src/stm32f0xx_rcc.o
 .debug_info    0x00000fb5     0x1c7d StdPeriph_Driver/src/stm32f0xx_tim.o
 .debug_info    0x00002c32      0x6b1 src/PMAC_init.o
 .debug_info    0x000032e3      0x384 src/main.o
 .debug_info    0x00003667      0x2dc src/system_stm32f0xx.o
 .debug_info    0x00003943       0x7f startup/startup_stm32f0xx.o

.debug_abbrev   0x00000000      0x8e3
 .debug_abbrev  0x00000000      0x18c StdPeriph_Driver/src/stm32f0xx_gpio.o
 .debug_abbrev  0x0000018c      0x204 StdPeriph_Driver/src/stm32f0xx_rcc.o
 .debug_abbrev  0x00000390      0x1b5 StdPeriph_Driver/src/stm32f0xx_tim.o
 .debug_abbrev  0x00000545      0x15c src/PMAC_init.o
 .debug_abbrev  0x000006a1       0xf8 src/main.o
 .debug_abbrev  0x00000799      0x138 src/system_stm32f0xx.o
 .debug_abbrev  0x000008d1       0x12 startup/startup_stm32f0xx.o

.debug_aranges  0x00000000      0x570
 .debug_aranges
                0x00000000       0x80 StdPeriph_Driver/src/stm32f0xx_gpio.o
 .debug_aranges
                0x00000080      0x150 StdPeriph_Driver/src/stm32f0xx_rcc.o
 .debug_aranges
                0x000001d0      0x300 StdPeriph_Driver/src/stm32f0xx_tim.o
 .debug_aranges
                0x000004d0       0x28 src/PMAC_init.o
 .debug_aranges
                0x000004f8       0x20 src/main.o
 .debug_aranges
                0x00000518       0x30 src/system_stm32f0xx.o
 .debug_aranges
                0x00000548       0x28 startup/startup_stm32f0xx.o

.debug_ranges   0x00000000      0x508
 .debug_ranges  0x00000000       0x70 StdPeriph_Driver/src/stm32f0xx_gpio.o
 .debug_ranges  0x00000070      0x140 StdPeriph_Driver/src/stm32f0xx_rcc.o
 .debug_ranges  0x000001b0      0x2f0 StdPeriph_Driver/src/stm32f0xx_tim.o
 .debug_ranges  0x000004a0       0x18 src/PMAC_init.o
 .debug_ranges  0x000004b8       0x10 src/main.o
 .debug_ranges  0x000004c8       0x20 src/system_stm32f0xx.o
 .debug_ranges  0x000004e8       0x20 startup/startup_stm32f0xx.o

.debug_macro    0x00000000     0x16a0
 .debug_macro   0x00000000      0x17c StdPeriph_Driver/src/stm32f0xx_gpio.o
 .debug_macro   0x0000017c      0x17f StdPeriph_Driver/src/stm32f0xx_gpio.o
 .debug_macro   0x000002fb      0x196 StdPeriph_Driver/src/stm32f0xx_rcc.o
 .debug_macro   0x00000491      0x446 StdPeriph_Driver/src/stm32f0xx_rcc.o
 .debug_macro   0x000008d7      0x198 StdPeriph_Driver/src/stm32f0xx_tim.o
 .debug_macro   0x00000a6f      0x74a StdPeriph_Driver/src/stm32f0xx_tim.o
 .debug_macro   0x000011b9      0x186 src/PMAC_init.o
 .debug_macro   0x0000133f      0x189 src/main.o
 .debug_macro   0x000014c8       0x64 src/main.o
 .debug_macro   0x0000152c      0x174 src/system_stm32f0xx.o

.debug_line     0x00000000     0x365b
 .debug_line    0x00000000      0x7c6 StdPeriph_Driver/src/stm32f0xx_gpio.o
 .debug_line    0x000007c6      0x9f5 StdPeriph_Driver/src/stm32f0xx_rcc.o
 .debug_line    0x000011bb      0xf2e StdPeriph_Driver/src/stm32f0xx_tim.o
 .debug_line    0x000020e9      0x6ff src/PMAC_init.o
 .debug_line    0x000027e8      0x71b src/main.o
 .debug_line    0x00002f03      0x6d7 src/system_stm32f0xx.o
 .debug_line    0x000035da       0x81 startup/startup_stm32f0xx.o

.debug_str      0x00000000    0x2cb76
 .debug_str     0x00000000    0x2b617 StdPeriph_Driver/src/stm32f0xx_gpio.o
                              0x2b7c5 (size before relaxing)
 .debug_str     0x0002b617      0x619 StdPeriph_Driver/src/stm32f0xx_rcc.o
                              0x2bb1c (size before relaxing)
 .debug_str     0x0002bc30      0xc2d StdPeriph_Driver/src/stm32f0xx_tim.o
                              0x2c198 (size before relaxing)
 .debug_str     0x0002c85d       0xc0 src/PMAC_init.o
                              0x2b92e (size before relaxing)
 .debug_str     0x0002c91d      0x1de src/main.o
                              0x2b818 (size before relaxing)
 .debug_str     0x0002cafb       0x7b src/system_stm32f0xx.o
                              0x2b5a5 (size before relaxing)

.comment        0x00000000       0x7f
 .comment       0x00000000       0x7f StdPeriph_Driver/src/stm32f0xx_gpio.o
                                 0x80 (size before relaxing)
 .comment       0x0000007f       0x80 StdPeriph_Driver/src/stm32f0xx_rcc.o
 .comment       0x0000007f       0x80 StdPeriph_Driver/src/stm32f0xx_tim.o
 .comment       0x0000007f       0x80 src/PMAC_init.o
 .comment       0x0000007f       0x80 src/main.o
 .comment       0x0000007f       0x80 src/system_stm32f0xx.o

.debug_frame    0x00000000     0x1510
 .debug_frame   0x00000000      0x1b0 StdPeriph_Driver/src/stm32f0xx_gpio.o
 .debug_frame   0x000001b0      0x4e4 StdPeriph_Driver/src/stm32f0xx_rcc.o
 .debug_frame   0x00000694      0xbb0 StdPeriph_Driver/src/stm32f0xx_tim.o
 .debug_frame   0x00001244       0x50 src/PMAC_init.o
 .debug_frame   0x00001294       0x30 src/main.o
 .debug_frame   0x000012c4       0x6c src/system_stm32f0xx.o
 .debug_frame   0x00001330       0x20 c:/users/mitch/.eclipse/org.eclipse.platform_4.7.3_1709980481_win32_win32_x86_64/plugins/fr.ac6.mcu.externaltools.arm-none.win32_1.15.0.201708311556/tools/compiler/bin/../lib/gcc/arm-none-eabi/6.3.1/thumb/v6-m\libgcc.a(_udivsi3.o)
 .debug_frame   0x00001350       0x2c c:/users/mitch/.eclipse/org.eclipse.platform_4.7.3_1709980481_win32_win32_x86_64/plugins/fr.ac6.mcu.externaltools.arm-none.win32_1.15.0.201708311556/tools/compiler/bin/../lib/gcc/arm-none-eabi/6.3.1/../../../../arm-none-eabi/lib/thumb/v6-m\libc.a(lib_a-init.o)
 .debug_frame   0x0000137c       0x54 c:/users/mitch/.eclipse/org.eclipse.platform_4.7.3_1709980481_win32_win32_x86_64/plugins/fr.ac6.mcu.externaltools.arm-none.win32_1.15.0.201708311556/tools/compiler/bin/../lib/gcc/arm-none-eabi/6.3.1/../../../../arm-none-eabi/lib/thumb/v6-m\libc.a(lib_a-__call_atexit.o)
 .debug_frame   0x000013d0       0x28 c:/users/mitch/.eclipse/org.eclipse.platform_4.7.3_1709980481_win32_win32_x86_64/plugins/fr.ac6.mcu.externaltools.arm-none.win32_1.15.0.201708311556/tools/compiler/bin/../lib/gcc/arm-none-eabi/6.3.1/../../../../arm-none-eabi/lib/thumb/v6-m\libc.a(lib_a-atexit.o)
 .debug_frame   0x000013f8       0x2c c:/users/mitch/.eclipse/org.eclipse.platform_4.7.3_1709980481_win32_win32_x86_64/plugins/fr.ac6.mcu.externaltools.arm-none.win32_1.15.0.201708311556/tools/compiler/bin/../lib/gcc/arm-none-eabi/6.3.1/../../../../arm-none-eabi/lib/thumb/v6-m\libc.a(lib_a-fini.o)
 .debug_frame   0x00001424       0xb0 c:/users/mitch/.eclipse/org.eclipse.platform_4.7.3_1709980481_win32_win32_x86_64/plugins/fr.ac6.mcu.externaltools.arm-none.win32_1.15.0.201708311556/tools/compiler/bin/../lib/gcc/arm-none-eabi/6.3.1/../../../../arm-none-eabi/lib/thumb/v6-m\libc.a(lib_a-lock.o)
 .debug_frame   0x000014d4       0x3c c:/users/mitch/.eclipse/org.eclipse.platform_4.7.3_1709980481_win32_win32_x86_64/plugins/fr.ac6.mcu.externaltools.arm-none.win32_1.15.0.201708311556/tools/compiler/bin/../lib/gcc/arm-none-eabi/6.3.1/../../../../arm-none-eabi/lib/thumb/v6-m\libc.a(lib_a-__atexit.o)
